// Jest Snapshot v1, https://goo.gl/fbAQLP

exports[`should render paragraph 1`] = `
<p>
  Pizza
</p>
`;
